Microchip MPLAB XC8 Compiler V2.32

Linker command line:

-W-3 --edf=C:\Program Files\Microchip\xc8\v2.32\pic\dat\en_msgs.txt -cn \
  -h+dist/default/production\Interfacing_LCD.X.production.sym \
  --cmf=dist/default/production\Interfacing_LCD.X.production.cmf -z \
  -Q18F452 -oC:\Users\Mamdouh\AppData\Local\Temp\xcAsd18.4 \
  --defsym=__MPLAB_BUILD=1 \
  -Mdist/default/production/Interfacing_LCD.X.production.map -E1 \
  -ver=XC8 Compiler --acfsm=1493 -ASTACK=080h-05FFh -pstack=STACK \
  -ACODE=00h-03FFFhx2 -ACONST=00h-07FFFh -ASMALLCONST=0600h-06FFhx122 \
  -AMEDIUMCONST=0600h-07FFFh -ACOMRAM=01h-07Fh -AABS1=00h-05FFh \
  -ABIGRAM=01h-05FFh -ARAM=080h-0FFh,0100h-01FFhx5 -ABANK0=080h-0FFh \
  -ABANK1=0100h-01FFh -ABANK2=0200h-02FFh -ABANK3=0300h-03FFh \
  -ABANK4=0400h-04FFh -ABANK5=0500h-05FFh -ASFR=0F80h-0FFFh \
  -ACONFIG=0300000h-030000Dh -AIDLOC=0200000h-0200007h \
  -AEEDATA=0F00000h-0F000FFh -peeprom_data=EEDATA \
  -preset_vec=00h,intcode=08h,intcodelo,powerup,init -pramtop=0600h \
  -psmallconst=SMALLCONST -pmediumconst=MEDIUMCONST -pconst=CONST \
  -AFARRAM=00h-00h \
  -prdata=COMRAM,nvrram=COMRAM,nvbit=COMRAM,rbss=COMRAM,rbit=COMRAM \
  -pfarbss=FARRAM,fardata=FARRAM,nvFARRAM=FARRAM \
  -pintsave_regs=BIGRAM,bigbss=BIGRAM,bigdata=BIGRAM -pbss=RAM \
  -pidata=CODE,irdata=CODE,ibigdata=CODE,ifardata=CODE -prparam=COMRAM \
  C:\Users\Mamdouh\AppData\Local\Temp\xcAsd18.o \
  dist/default/production\Interfacing_LCD.X.production.o 

Object code version is 3.11

Machine type is 18F452



                Name                               Link     Load   Length Selector   Space Scale
C:\Users\Mamdouh\AppData\Local\Temp\xcAsd18.o
                idloc                            200000   200000        8        0       5
                config                           300000   300000        E        0       4
                text                                27E      27E        2        4       0
                init                                 C8       C8        4        4       0
                reset_vec                             0        0        6        0       0
dist/default/production\Interfacing_LCD.X.production.o
                intcode                               8        8       C0        4       0
                idloc                            200000   200000        8        0       5
                config                           300000   300000        E        0       4
                temp                                 59       59        1        1       1
                text6                               1BA      1BA       30        4       0
                text5                               218      218       2E        4       0
                text3                               1EA      1EA       2E        4       0
                text2                               272      272        C        4       0
                text1                               142      142       42        4       0
                text0                                CC       CC       76        4       0
                cstackCOMRAM                         2D       2D       25        1       1
                dataCOMRAM                            1        1       2C        1       1
                bssCOMRAM                            52       52        7        1       1
                cinit                               184      184       36        4       0
                idataCOMRAM                         246      246       2C        4       0

TOTAL           Name                               Link     Load   Length     Space
        CLASS   STACK          

        CLASS   CODE           
                intcode                               8        8       C0         0
                text                                27E      27E        2         0
                init                                 C8       C8        4         0
                reset_vec                             0        0        6         0
                text6                               1BA      1BA       30         0
                text5                               218      218       2E         0
                text3                               1EA      1EA       2E         0
                text2                               272      272        C         0
                text1                               142      142       42         0
                text0                                CC       CC       76         0
                cinit                               184      184       36         0
                idataCOMRAM                         246      246       2C         0

        CLASS   CONST          

        CLASS   SMALLCONST     

        CLASS   MEDIUMCONST    

        CLASS   COMRAM         
                temp                                 59       59        1         1
                cstackCOMRAM                         2D       2D       25         1
                dataCOMRAM                            1        1       2C         1
                bssCOMRAM                            52       52        7         1

        CLASS   ABS1           

        CLASS   BIGRAM         

        CLASS   RAM            

        CLASS   BANK0          

        CLASS   BANK1          

        CLASS   BANK2          

        CLASS   BANK3          

        CLASS   BANK4          

        CLASS   BANK5          

        CLASS   SFR            

        CLASS   CONFIG         
                config                           300000   300000        E         4

        CLASS   IDLOC          
                idloc                            200000   200000        8         5

        CLASS   EEDATA         

        CLASS   FARRAM         



SEGMENTS        Name                           Load    Length   Top    Selector   Space  Class

                reset_vec                      000000  000006  000006         0       0  CODE    
                dataCOMRAM                     000001  000059  00005A         1       1  COMRAM  
                intcode                        000008  000278  000280         4       0  CODE    


UNUSED ADDRESS RANGES

        Name                Unused          Largest block    Delta
        BANK0            000080-0000FF               80
        BANK1            000100-0001FF              100
        BANK2            000200-0002FF              100
        BANK3            000300-0003FF              100
        BANK4            000400-0004FF              100
        BANK5            000500-0005FF              100
        BIGRAM           00005A-0005FF              5A6
        CODE             000006-000007                2
                         000280-007FFF             3D80
        COMRAM           00005A-00007F               26
        CONST            000006-000007                2
                         000280-007FFF             7D80
        EEDATA           F00000-F000FF              100
        MEDIUMCONST      000600-007FFF             7A00
        RAM              000080-0005FF              100
        SFR              000F80-000FFF               80
        SMALLCONST       000600-007FFF              100
        STACK            000080-0005FF              580

                                  Symbol Table

Lcd_CmdWrite@cmd                                                      cstackCOMRAM 000034
Lcd_DataWrite@dat                                                     cstackCOMRAM 00002E
_BRGH                                                                 (abs)        007D62
_CREN                                                                 (abs)        007D5C
_FByte                                                                bssCOMRAM    000057
_GIE                                                                  (abs)        007F97
_ISR                                                                  intcode      000008
_Lcd_CmdWrite                                                         text3        0001EA
_Lcd_DataWrite                                                        text6        0001BA
_OERR                                                                 (abs)        007D59
_PEIE                                                                 (abs)        007F96
_PORTB                                                                (abs)        000F81
_PORTD                                                                (abs)        000F83
_RCIE                                                                 (abs)        007CED
_RCIF                                                                 (abs)        007CF5
_RCREG                                                                (abs)        000FAE
_SByte                                                                bssCOMRAM    000056
_SPBRG                                                                (abs)        000FAF
_SPEN                                                                 (abs)        007D5F
_SYNC                                                                 (abs)        007D64
_TByte                                                                bssCOMRAM    000054
_TRISB                                                                (abs)        000F93
_TRISC6                                                               (abs)        007CA6
_TRISC7                                                               (abs)        007CA7
_TRISD                                                                (abs)        000F95
_TXEN                                                                 (abs)        007D65
_TXIE                                                                 (abs)        007CEC
_TXREG                                                                (abs)        000FAD
__HRAM                                                                (abs)        000000
__Habs1                                                               abs1         000000
__Hbank0                                                              bank0        000000
__Hbank1                                                              bank1        000000
__Hbank2                                                              bank2        000000
__Hbank3                                                              bank3        000000
__Hbank4                                                              bank4        000000
__Hbank5                                                              bank5        000000
__Hbigbss                                                             bigbss       000000
__Hbigdata                                                            bigdata      000000
__Hbigram                                                             bigram       000000
__Hbss                                                                bss          000000
__HbssCOMRAM                                                          bssCOMRAM    000000
__Hcinit                                                              cinit        000000
__Hclrtext                                                            clrtext      000000
__Hcomram                                                             comram       000000
__Hconfig                                                             config       30000E
__Hconst                                                              const        000000
__HcstackCOMRAM                                                       cstackCOMRAM 000000
__Hdata                                                               data         000000
__HdataCOMRAM                                                         dataCOMRAM   000000
__Heeprom_data                                                        eeprom_data  000000
__Hfarbss                                                             farbss       000000
__Hfardata                                                            fardata      000000
__Hibigdata                                                           ibigdata     000000
__Hidata                                                              idata        000000
__HidataCOMRAM                                                        idataCOMRAM  000000
__Hidloc                                                              idloc        200008
__Hifardata                                                           ifardata     000000
__Hinit                                                               init         0000CC
__Hintcode                                                            intcode      0000C8
__Hintcode_body                                                       intcode_body 000000
__Hintcodelo                                                          intcodelo    0000C8
__Hintentry                                                           intentry     000000
__Hintret                                                             intret       000000
__Hintsave_regs                                                       intsave_regs 000000
__Hirdata                                                             irdata       000000
__Hmediumconst                                                        mediumconst  000000
__HnvFARRAM                                                           nvFARRAM     000000
__Hnvbit                                                              nvbit        000000
__Hnvrram                                                             nvrram       000000
__Hparam                                                              rparam       000000
__Hpowerup                                                            powerup      0000C8
__Hram                                                                ram          000000
__Hramtop                                                             ramtop       000600
__Hrbit                                                               rbit         000000
__Hrbss                                                               rbss         000000
__Hrdata                                                              rdata        000000
__Hreset_vec                                                          reset_vec    000006
__Hrparam                                                             rparam       000000
__Hsfr                                                                sfr          000000
__Hsmallconst                                                         smallconst   000000
__Hspace_0                                                            (abs)        000600
__Hspace_1                                                            (abs)        00005A
__Hspace_2                                                            (abs)        000000
__Hspace_4                                                            (abs)        60000E
__Hstack                                                              stack        000000
__Hstruct                                                             struct       000000
__Htemp                                                               temp         00005A
__Htext                                                               text         000000
__Htext0                                                              text0        000000
__Htext1                                                              text1        000000
__Htext2                                                              text2        000000
__Htext3                                                              text3        000000
__Htext5                                                              text5        000000
__Htext6                                                              text6        000000
__LRAM                                                                (abs)        000001
__Labs1                                                               abs1         000000
__Lbank0                                                              bank0        000000
__Lbank1                                                              bank1        000000
__Lbank2                                                              bank2        000000
__Lbank3                                                              bank3        000000
__Lbank4                                                              bank4        000000
__Lbank5                                                              bank5        000000
__Lbigbss                                                             bigbss       000000
__Lbigdata                                                            bigdata      000000
__Lbigram                                                             bigram       000000
__Lbss                                                                bss          000000
__LbssCOMRAM                                                          bssCOMRAM    000000
__Lcinit                                                              cinit        000000
__Lclrtext                                                            clrtext      000000
__Lcomram                                                             comram       000000
__Lconfig                                                             config       000000
__Lconst                                                              const        000000
__LcstackCOMRAM                                                       cstackCOMRAM 000000
__Ldata                                                               data         000000
__LdataCOMRAM                                                         dataCOMRAM   000000
__Leeprom_data                                                        eeprom_data  000000
__Lfarbss                                                             farbss       000000
__Lfardata                                                            fardata      000000
__Libigdata                                                           ibigdata     000000
__Lidata                                                              idata        000000
__LidataCOMRAM                                                        idataCOMRAM  000000
__Lidloc                                                              idloc        000000
__Lifardata                                                           ifardata     000000
__Linit                                                               init         0000C8
__Lintcode                                                            intcode      000008
__Lintcode_body                                                       intcode_body 000000
__Lintcodelo                                                          intcodelo    0000C8
__Lintentry                                                           intentry     000000
__Lintret                                                             intret       000000
__Lintsave_regs                                                       intsave_regs 000000
__Lirdata                                                             irdata       000000
__Lmediumconst                                                        mediumconst  000000
__LnvFARRAM                                                           nvFARRAM     000000
__Lnvbit                                                              nvbit        000000
__Lnvrram                                                             nvrram       000000
__Lparam                                                              rparam       000000
__Lpowerup                                                            powerup      0000C8
__Lram                                                                ram          000000
__Lramtop                                                             ramtop       000600
__Lrbit                                                               rbit         000000
__Lrbss                                                               rbss         000000
__Lrdata                                                              rdata        000000
__Lreset_vec                                                          reset_vec    000000
__Lrparam                                                             rparam       000000
__Lsfr                                                                sfr          000000
__Lsmallconst                                                         smallconst   000000
__Lspace_0                                                            (abs)        000000
__Lspace_1                                                            (abs)        000000
__Lspace_2                                                            (abs)        000000
__Lspace_4                                                            (abs)        000000
__Lstack                                                              stack        000000
__Lstruct                                                             struct       000000
__Ltemp                                                               temp         000059
__Ltext                                                               text         000000
__Ltext0                                                              text0        000000
__Ltext1                                                              text1        000000
__Ltext2                                                              text2        000000
__Ltext3                                                              text3        000000
__Ltext5                                                              text5        000000
__Ltext6                                                              text6        000000
__S0                                                                  (abs)        000280
__S1                                                                  (abs)        00005A
__S2                                                                  (abs)        000000
__S4                                                                  (abs)        000000
__S5                                                                  (abs)        000000
___inthi_sp                                                           stack        000000
___intlo_sp                                                           stack        000000
___param_bank                                                         (abs)        000000
___rparam_used                                                        (abs)        000001
___sp                                                                 stack        000000
__accesstop                                                           (abs)        000080
__activetblptr                                                        (abs)        000000
__cntErrataNOP_C:\Users\Mamdouh\AppData\Local\Temp\xcAsd18.o          (abs)        000001
__cntErrataNOP_dist/default/production\Interfacing_LCD.X.production.o (abs)        000021
__end_of_ISR                                                          intcode      0000C8
__end_of_Lcd_CmdWrite                                                 text3        000218
__end_of_Lcd_DataWrite                                                text6        0001E8
__end_of__initialization                                              cinit        0001B0
__end_of_main                                                         text0        000142
__end_of_put_c                                                        text2        00027E
__end_of_put_s                                                        text1        000184
__end_ofi2_Lcd_CmdWrite                                               text5        000246
__initialization                                                      cinit        000184
__mediumconst                                                         mediumconst  000000
__pbssCOMRAM                                                          bssCOMRAM    000052
__pcinit                                                              cinit        000184
__pcstackCOMRAM                                                       cstackCOMRAM 00002D
__pdataCOMRAM                                                         dataCOMRAM   000001
__pidataCOMRAM                                                        idataCOMRAM  000246
__pintcode                                                            intcode      000008
__ptext0                                                              text0        0000CC
__ptext1                                                              text1        000142
__ptext2                                                              text2        000272
__ptext3                                                              text3        0001EA
__ptext5                                                              text5        000218
__ptext6                                                              text6        0001BA
__ramtop                                                              ramtop       000600
__size_of_ISR                                                         (abs)        000000
__size_of_Lcd_CmdWrite                                                (abs)        000000
__size_of_Lcd_DataWrite                                               (abs)        000000
__size_of_main                                                        (abs)        000000
__size_of_put_c                                                       (abs)        000000
__size_of_put_s                                                       (abs)        000000
__size_ofi2_Lcd_CmdWrite                                              (abs)        000000
__smallconst                                                          smallconst   000000
_a                                                                    dataCOMRAM   000027
_b                                                                    dataCOMRAM   00000F
_count                                                                bssCOMRAM    000052
_i                                                                    bssCOMRAM    000058
_main                                                                 text0        0000CC
_put_c                                                                text2        000272
_put_s                                                                text1        000142
btemp                                                                 temp         000059
end_of_initialization                                                 cinit        0001B0
i2Lcd_CmdWrite@cmd                                                    cstackCOMRAM 00002E
i2_Lcd_CmdWrite                                                       text5        000218
int$flags                                                             temp         000059
intlevel0                                                             text         00027E
intlevel1                                                             text         00027E
intlevel2                                                             text         00027E
intlevel3                                                             text         00027E
isa$std                                                               (abs)        000001
isa$xinst                                                             (abs)        000000
main@F2140                                                            dataCOMRAM   000001
main@F2142                                                            dataCOMRAM   00001C
main@a                                                                cstackCOMRAM 000039
main@s                                                                cstackCOMRAM 000047
put_c@c                                                               cstackCOMRAM 000033
put_s@LF                                                              cstackCOMRAM 000038
put_s@j                                                               cstackCOMRAM 000036
put_s@s                                                               cstackCOMRAM 000034
stackhi                                                               (abs)        0005FF
stacklo                                                               (abs)        000080
start                                                                 init         0000C8
start_initialization                                                  cinit        000184
ttemp5                                                                temp         00005A
ttemp6                                                                temp         00005D
ttemp7                                                                temp         000061
wtemp8                                                                temp         00005A


MODULE INFORMATION

Module		Function		Class		Link	Load	Size
newmain.c
		_ISR           		CODE           	0008	0000	192
		_main          		CODE           	00CC	0000	118
		_Lcd_CmdWrite  		CODE           	01EA	0000	46
		_Lcd_DataWrite 		CODE           	01BA	0000	46
		_put_s         		CODE           	0142	0000	66
		_put_c         		CODE           	0272	0000	12

newmain.c estimated size: 480

shared
		__initialization		CODE           	0184	0000	44
		i2_Lcd_CmdWrite		CODE           	0218	0000	46

shared estimated size: 90

